char,sent_n,token_i,word
0,1,0,Electoral
10,1,1,voting
17,1,2,experts
29,1,4,expecting
41,1,6,chaos
54,1,9,German
61,1,10,federal
69,1,11,election
79,1,13,caused
96,1,18,election
112,1,21,constituency
128,1,23,Dresden
136,1,24,I
146,1,28,state
155,1,30,Saxony
167,2,33,reason
179,2,36,bug
190,2,39,German
197,2,40,electoral
207,2,41,law
222,2,45,force
232,2,47,voters
242,2,49,vote
261,2,52,political
271,2,53,party
279,3,56,While
299,3,61,constituencies
318,3,63,federal
326,3,64,elections
341,3,66,place
350,3,68,September
369,3,73,Dresden
377,3,74,constituency
397,3,77,vote
405,3,79,October
418,3,82,caused
432,3,85,death
445,3,88,NPD
449,3,89,candidate
466,3,92,Kerstin
474,3,93,Lorenz
484,4,96,Voters
494,4,98,Germany
511,4,101,votes
528,4,106,candidate
547,4,109,constiuency
579,4,114,list
589,4,117,party
609,4,121,Germany
619,4,123,sixteen
627,4,124,states
639,5,127,vote
650,5,129,normally
659,5,130,defines
676,5,133,seats
684,5,135,party
690,5,136,gets
702,5,139,Bundestag
719,5,142,second
726,5,143,vote
732,5,145,party
738,5,146,vote
745,6,149,But
760,6,153,extreme
768,6,154,complexity
782,6,156,Germany
792,6,158,Mixed
798,6,159,Member
805,6,160,Proportional
818,6,161,voting
825,6,162,system
833,6,164,voters
846,6,166,actually
861,6,169,negative
870,6,170,vote
880,6,174,constitutional
895,6,175,lawyers
912,7,179,This
920,7,181,mainly
927,7,182,caused
937,7,184,overhang
946,7,185,seats
959,7,188,occur
972,7,191,party
978,7,192,gains
989,7,194,seats
998,7,196,winning
1006,7,197,constituencies
1037,7,201,actually
1049,7,203,entitled
1061,7,205,according
1078,7,208,Percentage
1092,7,210,second
1099,7,211,votes
1117,8,216,Polls
1123,8,217,suggest
1136,8,219,exactly
1152,8,222,going
1161,8,224,happen
1177,8,227,CDU
1184,8,229,Saxony
1196,9,232,CDU
1211,9,235,actually
1228,9,238,urge
1239,9,240,supporters
1257,9,243,vote
1282,9,248,second
1289,9,249,vote
1313,9,253,change
1326,9,255,overhang
1335,9,256,seat
1348,9,260,normal
1356,9,262,seat
1372,9,266,CDU
1390,9,270,missing
1409,9,273,state
1424,9,276,overhang
1433,9,277,seats
1439,9,278,occurred
1453,9,280,reducing
1468,9,282,total
1474,9,283,seats
1489,10,288,In
1501,10,291,election
1516,10,293,party
1522,10,294,votes
1533,10,296,cast
1546,10,299,CDU
1553,10,301,Dresden
1561,10,302,I
1567,10,304,caused
1582,10,307,lose
1591,10,309,seat
1599,10,311,Siegfried
1609,10,312,Meseck
1617,11,314,A
1619,11,315,complaint
1646,11,319,election
1662,11,322,German
1669,11,323,constitutional
1684,11,324,court
1703,11,328,decided
